// Jest Snapshot v1, https://goo.gl/fbAQLP

exports[`/api/articles/:article_id GET 200: responds with an object with a key of article and a list of properties 1`] = `
Object {
  "article": Object {
    "article_id": 1,
    "article_img_url": "https://images.pexels.com/photos/158651/news-newsletter-newspaper-information-158651.jpeg?w=700&h=700",
    "author": "butter_bridge",
    "body": "I find this existence challenging",
    "created_at": Any<String>,
    "title": "Living in the shadow of a great man",
    "topic": "mitch",
    "votes": 100,
  },
}
`;
